EN shifter NULL C:/Users/sa/ise/ISE/pro1/Shifter.vhd sub00/vhpl03 1720340782
AR rr behavioral C:/Users/vboxuser/Desktop/ise/pro1/rr.vhd sub00/vhpl01 1718096698
EN rr NULL C:/Users/vboxuser/Desktop/ise/pro1/rr.vhd sub00/vhpl00 1718096697
AR alu behavioral C:/Users/sa/ise/CA_pro/pro1/rr.vhd sub00/vhpl05 1720349650
AR shifter behavioral C:/Users/sa/ise/ISE/pro1/Shifter.vhd sub00/vhpl04 1720340783
EN alu NULL C:/Users/sa/ise/CA_pro/pro1/rr.vhd sub00/vhpl02 1720349649
