--------------------------------------------------------------------------------
Release 14.7 Trace  (nt64)
Copyright (c) 1995-2013 Xilinx, Inc.  All rights reserved.

C:\Xilinx\14.7\ISE_DS\ISE\bin\nt64\unwrapped\trce.exe -intstyle ise -v 3 -s 5
-n 3 -fastpaths -xml rr.twx rr.ncd -o rr.twr rr.pcf

Design file:              rr.ncd
Physical constraint file: rr.pcf
Device,package,speed:     xc3s50,pq208,-5 (PRODUCTION 1.39 2013-10-13)
Report level:             verbose report

Environment Variable      Effect 
--------------------      ------ 
NONE                      No environment variables were set
--------------------------------------------------------------------------------

INFO:Timing:2698 - No timing constraints found, doing default enumeration.
INFO:Timing:3412 - To improve timing, see the Timing Closure User Guide (UG612).
INFO:Timing:2752 - To get complete path coverage, use the unconstrained paths 
   option. All paths that are not constrained will be reported in the 
   unconstrained paths section(s) of the report.
INFO:Timing:3339 - The clock-to-out numbers in this timing report are based on 
   a 50 Ohm transmission line loading model.  For the details of this model, 
   and for more information on accounting for different loading conditions, 
   please see the device datasheet.
INFO:Timing:3390 - This architecture does not support a default System Jitter 
   value, please add SYSTEM_JITTER constraint to the UCF to modify the Clock 
   Uncertainty calculation.
INFO:Timing:3389 - This architecture does not support 'Discrete Jitter' and 
   'Phase Error' calculations, these terms will be zero in the Clock 
   Uncertainty calculation.  Please make appropriate modification to 
   SYSTEM_JITTER to account for the unsupported Discrete Jitter and Phase 
   Error.



Data Sheet report:
-----------------
All values displayed in nanoseconds (ns)

Pad to Pad
---------------+---------------+---------+
Source Pad     |Destination Pad|  Delay  |
---------------+---------------+---------+
B<0>           |result<0>      |    9.714|
B<0>           |result<1>      |   10.362|
B<0>           |result<2>      |    9.711|
B<0>           |result<3>      |   10.096|
B<0>           |result<4>      |   10.144|
B<0>           |result<5>      |   10.202|
B<0>           |result<6>      |   10.773|
B<0>           |result<7>      |   10.018|
B<0>           |zero           |   12.325|
B<1>           |result<1>      |   10.100|
B<1>           |result<2>      |    9.835|
B<1>           |result<3>      |   10.220|
B<1>           |result<4>      |   10.268|
B<1>           |result<5>      |   10.326|
B<1>           |result<6>      |   10.897|
B<1>           |result<7>      |   10.142|
B<1>           |zero           |   12.449|
B<2>           |result<2>      |    8.532|
B<2>           |result<3>      |    9.456|
B<2>           |result<4>      |    9.701|
B<2>           |result<5>      |    9.759|
B<2>           |result<6>      |   10.330|
B<2>           |result<7>      |    9.575|
B<2>           |zero           |   11.882|
B<3>           |result<3>      |    8.824|
B<3>           |result<4>      |    9.455|
B<3>           |result<5>      |    9.513|
B<3>           |result<6>      |   10.084|
B<3>           |result<7>      |    9.329|
B<3>           |zero           |   11.636|
B<4>           |result<4>      |    9.143|
B<4>           |result<5>      |    9.740|
B<4>           |result<6>      |   10.508|
B<4>           |result<7>      |    9.753|
B<4>           |zero           |   12.060|
B<5>           |result<5>      |    9.188|
B<5>           |result<6>      |   10.342|
B<5>           |result<7>      |    9.587|
B<5>           |zero           |   11.894|
B<6>           |result<6>      |    9.496|
B<6>           |result<7>      |    9.280|
B<6>           |zero           |   11.089|
B<7>           |result<7>      |    8.200|
B<7>           |zero           |   10.009|
a<0>           |result<0>      |    9.397|
a<0>           |result<1>      |   10.045|
a<0>           |result<2>      |    9.394|
a<0>           |result<3>      |    9.779|
a<0>           |result<4>      |    9.827|
a<0>           |result<5>      |    9.885|
a<0>           |result<6>      |   10.456|
a<0>           |result<7>      |    9.701|
a<0>           |zero           |   12.008|
a<1>           |result<1>      |   10.014|
a<1>           |result<2>      |    9.749|
a<1>           |result<3>      |   10.134|
a<1>           |result<4>      |   10.182|
a<1>           |result<5>      |   10.240|
a<1>           |result<6>      |   10.811|
a<1>           |result<7>      |   10.056|
a<1>           |zero           |   12.363|
a<2>           |result<2>      |    8.218|
a<2>           |result<3>      |    9.142|
a<2>           |result<4>      |    9.387|
a<2>           |result<5>      |    9.445|
a<2>           |result<6>      |   10.016|
a<2>           |result<7>      |    9.261|
a<2>           |zero           |   11.568|
a<3>           |result<3>      |    9.104|
a<3>           |result<4>      |    9.735|
a<3>           |result<5>      |    9.793|
a<3>           |result<6>      |   10.364|
a<3>           |result<7>      |    9.609|
a<3>           |zero           |   11.916|
a<4>           |result<4>      |    8.284|
a<4>           |result<5>      |    8.881|
a<4>           |result<6>      |    9.649|
a<4>           |result<7>      |    8.894|
a<4>           |zero           |   11.201|
a<5>           |result<5>      |    9.131|
a<5>           |result<6>      |   10.285|
a<5>           |result<7>      |    9.530|
a<5>           |zero           |   11.837|
a<6>           |result<6>      |    9.608|
a<6>           |result<7>      |    9.392|
a<6>           |zero           |   11.201|
a<7>           |result<7>      |    8.832|
a<7>           |zero           |   10.641|
alu_ctrl<0>    |result<0>      |   11.446|
alu_ctrl<0>    |result<1>      |   11.555|
alu_ctrl<0>    |result<2>      |   10.904|
alu_ctrl<0>    |result<3>      |   11.289|
alu_ctrl<0>    |result<4>      |   11.337|
alu_ctrl<0>    |result<5>      |   11.395|
alu_ctrl<0>    |result<6>      |   11.966|
alu_ctrl<0>    |result<7>      |   11.211|
alu_ctrl<0>    |zero           |   13.518|
alu_ctrl<1>    |result<0>      |   11.743|
alu_ctrl<1>    |result<1>      |   11.852|
alu_ctrl<1>    |result<2>      |   11.201|
alu_ctrl<1>    |result<3>      |   11.586|
alu_ctrl<1>    |result<4>      |   11.634|
alu_ctrl<1>    |result<5>      |   11.692|
alu_ctrl<1>    |result<6>      |   12.263|
alu_ctrl<1>    |result<7>      |   11.508|
alu_ctrl<1>    |zero           |   13.815|
alu_ctrl<2>    |result<0>      |   10.701|
alu_ctrl<2>    |result<1>      |   10.810|
alu_ctrl<2>    |result<2>      |   10.159|
alu_ctrl<2>    |result<3>      |   10.544|
alu_ctrl<2>    |result<4>      |   10.592|
alu_ctrl<2>    |result<5>      |   10.650|
alu_ctrl<2>    |result<6>      |   11.221|
alu_ctrl<2>    |result<7>      |   10.466|
alu_ctrl<2>    |zero           |   12.773|
---------------+---------------+---------+


Analysis completed Tue Jun 11 13:35:29 2024 
--------------------------------------------------------------------------------

Trace Settings:
-------------------------
Trace Settings 

Peak Memory Usage: 132 MB



