V3 4
FL C:/Users/sa/ise/CA_pro/jump/jump.vhd 2024/07/07.15:42:00 P.20131013
EN work/jump 1720354326 FL C:/Users/sa/ise/CA_pro/jump/jump.vhd \
      PB ieee/std_logic_1164 1381692176 PB ieee/std_logic_arith 1381692177 \
      PB ieee/STD_LOGIC_UNSIGNED 1381692179
AR work/jump/Behavioral 1720354327 \
      FL C:/Users/sa/ise/CA_pro/jump/jump.vhd EN work/jump 1720354326
FL C:/Users/vboxuser/Desktop/ise/jump/jump.vhd 2024/07/06.22:04:02 P.20131013
